// Jest Snapshot v1, https://goo.gl/fbAQLP

exports[`ArticleBodyConnector renders correctly 1`] = `
<section
  className="default-layout   mockconstructor
      "
  style={
    Object {
      "backgroundColor": undefined,
      "marginBottom": "",
    }
  }
>
  <section
    className="default-layout__grid 
          
        "
    style={
      Object {
        "backgroundColor": "",
        "marginBottom": "",
      }
    }
  >
    <div
      className="default-layout__children "
    >
      <div
        bannerBelowHeader={true}
        bannerImage={
          Object {
            "alt": undefined,
            "focalPointImage": Object {
              "disableImageCompression": undefined,
              "height": undefined,
              "title": undefined,
              "url": "//images.ctfassets.net/citn2sn5tdjr/66L1j8ZNJDxuPi0OhZ2pmK/22aae2e6ec32184d9e03abfbfcf3c798/one.png",
              "width": undefined,
              "x": undefined,
              "y": undefined,
            },
            "wrapperHeight": undefined,
          }
        }
        content={
          <RichTextConnector
            data={
              Object {
                "__typename": "ContentfulRichTextContent",
                "content": Object {
                  "raw": "{\\"nodeType\\":\\"document\\",\\"data\\":{},\\"content\\":[{\\"nodeType\\":\\"paragraph\\",\\"content\\":[{\\"nodeType\\":\\"text\\",\\"value\\":\\"Lorem ipsum dolor sit amet, consectetur adipiscing elit.\\",\\"marks\\":[{\\"type\\":\\"bold\\"}],\\"data\\":{}},{\\"nodeType\\":\\"text\\",\\"value\\":\\" Integer eleifend risus ultricies dignissim suscipit. Donec vel lacus non felis volutpat mollis. Vestibulum ante ipsum primis in faucibus orci luctus et ultrices posuere cubilia curae; Donec tristique, tortor vitae varius vehicula, velit dui faucibus dui, a malesuada metus nulla et ligula. Vestibulum vitae dignissim justo, id volutpat diam. Nunc luctus felis arcu, ac accumsan justo tincidunt eu. Mauris sed augue blandit, lobortis libero et, blandit velit. Aliquam volutpat feugiat metus at facilisis. Sed id turpis neque. Nulla et ultricies justo. Proin sed volutpat leo. Pellentesque habitant morbi tristique sene ctus et netus et malesuada fames ac turpis egestas. \\",\\"marks\\":[],\\"data\\":{}},{\\"nodeType\\":\\"hyperlink\\",\\"content\\":[{\\"nodeType\\":\\"text\\",\\"value\\":\\"Test link\\",\\"marks\\":[],\\"data\\":{}}],\\"data\\":{\\"uri\\":\\"/\\"}},{\\"nodeType\\":\\"text\\",\\"value\\":\\".\\",\\"marks\\":[],\\"data\\":{}}],\\"data\\":{}},{\\"nodeType\\":\\"embedded-entry-block\\",\\"content\\":[],\\"data\\":{\\"target\\":{\\"sys\\":{\\"id\\":\\"4DeXYLgdD96lCn28dwMbDF\\",\\"type\\":\\"Link\\",\\"linkType\\":\\"Entry\\"}}}},{\\"nodeType\\":\\"paragraph\\",\\"content\\":[{\\"nodeType\\":\\"text\\",\\"value\\":\\"Interdum et malesuada fames ac ante ipsum primis in faucibus. Duis aliquam ipsum eget ex pulvinar, non fermentum lectus euismod. Integer et nulla quis nisl varius tincidunt sit amet at ipsum. Vivamus fermentum libero ut faucibus tempus. Nunc interdum volutpat nulla et eleifend. Cras at tellus a felis aliquet euismod eget id ex. Integer mollis erat porttitor eros ultricies tempus. Donec ante purus, feugiat ut mi non, dapibus dapibus ex.\\",\\"marks\\":[],\\"data\\":{}}],\\"data\\":{}},{\\"nodeType\\":\\"paragraph\\",\\"content\\":[{\\"nodeType\\":\\"text\\",\\"value\\":\\"In sodales lacus quam, quis ornare sem molestie eget. Aenean sagittis lacinia magna, eget ultricies mi cursus et. Proin dui leo, semper in magna ac, consectetur porttitor diam. Praesent nec nisl auctor, suscipit sem id, ullamcorper nibh. Morbi bibendum arcu ac hendrerit rhoncus. Integer aliquet, tellus mollis ullamcorper consequat, ante massa ullamcorper nisl, vel semper massa quam semper augue. Etiam convallis urna interdum sodales molestie. Phasellus et eros nulla. Aenean mollis nibh quis orci sollicitudin porttitor. Integer aliquam vulputate lectus quis convallis. Nunc nibh elit, lobortis eget ligula id, semper efficitur nibh. Praesent sed nunc non ex vulputate pellentesque. Nunc nec porttitor nulla, nec vehicula enim. Ut porta urna eget nibh luctus, sed tincidunt orci consequat.\\",\\"marks\\":[],\\"data\\":{}}],\\"data\\":{}},{\\"nodeType\\":\\"paragraph\\",\\"content\\":[{\\"nodeType\\":\\"text\\",\\"value\\":\\"Nunc enim lectus, dapibus vel urna ornare, euismod maximus leo. Suspendisse rhoncus, mauris et posuere eleifend, nunc ligula suscipit augue, quis fermentum erat diam at est. Nam blandit sapien id arcu ultrices sagittis. Maecenas varius gravida enim, ac tempus tellus faucibus et. Fusce pharetra purus at laoreet porttitor. Nunc in mollis lectus, vel fermentum turpis. Proin ac odio pellentesque, varius leo ac, tincidunt tellus. In ut orci sollicitudin, lobortis nibh in, congue lectus. Orci varius natoque penatibus et magnis dis parturient montes, nascetur ridiculus mus.\\",\\"marks\\":[],\\"data\\":{}},{\\"nodeType\\":\\"embedded-entry-inline\\",\\"content\\":[],\\"data\\":{\\"target\\":{\\"sys\\":{\\"id\\":\\"7tpSyf4GTjBlJgHBWVPFHr\\",\\"type\\":\\"Link\\",\\"linkType\\":\\"Entry\\"}}}},{\\"nodeType\\":\\"text\\",\\"value\\":\\"\\",\\"marks\\":[],\\"data\\":{}}],\\"data\\":{}},{\\"nodeType\\":\\"paragraph\\",\\"content\\":[{\\"nodeType\\":\\"text\\",\\"value\\":\\"\\",\\"marks\\":[],\\"data\\":{}}],\\"data\\":{}}]}",
                  "references": Array [
                    Object {
                      "__typename": "ContentfulImage",
                      "altText": "Seagulls flying",
                      "contentful_id": "4DeXYLgdD96lCn28dwMbDF",
                      "image": Object {
                        "file": Object {
                          "url": "//images.ctfassets.net/citn2sn5tdjr/3Q9gKsg03HYtEWKkBQ3NOX/722721f3dd88ffb3a986a101fe6f57c4/guls.jpg",
                        },
                      },
                    },
                    Object {
                      "__typename": "ContentfulImage",
                      "altText": null,
                      "contentful_id": "7tpSyf4GTjBlJgHBWVPFHr",
                      "image": Object {
                        "file": Object {
                          "url": "//images.ctfassets.net/citn2sn5tdjr/1eQlF3ZOA4BgZFquZeOvRP/3ffdabd01170eceedd25f3a6b1685a01/Pasta-and-spaghetti.jpg",
                        },
                      },
                    },
                  ],
                },
              }
            }
            location={
              Object {
                "hash": "",
                "host": "localhost:8000",
                "hostname": "localhost",
                "href": "http://localhost:8000/en/test-prose-as-content-page",
                "key": "initial",
                "origin": "http://localhost:8000",
                "pathname": "/en/test-prose-as-content-page",
                "port": "8000",
                "protocol": "http:",
                "search": "",
                "state": null,
              }
            }
            nested={true}
            proseText={true}
          />
        }
        date={false}
        header="KTH Royal Institute of Technology in Sweden to Establish Trimble Technology Lab for Architecture, Engineering and Construction"
        listPageLink="/en/prose"
        paddingClass="undefined prose-nested"
        resources={
          Array [
            Object {
              "description": "Test Doc",
              "file": Object {
                "contentType": "application/CDFV2",
                "url": "//assets.ctfassets.net/citn2sn5tdjr/6rs2wakXBpA3upPDU99eMX/81eecd33ceae9d86b3b4b06277dc9b9f/original.doc",
              },
            },
            Object {
              "description": "Test PDF",
              "file": Object {
                "contentType": "application/pdf",
                "url": "//assets.ctfassets.net/citn2sn5tdjr/6OM4L0ZwSIPIDSSzU6nYut/2396e31452b98bbdecb9ab797a9fe2a5/SamplePDF.pdf",
              },
            },
          ]
        }
        sources={
          Array [
            "source 1",
            "source 2",
            "source 3",
          ]
        }
        subheader="Duis aute irure dolor in reprehenderit in voluptate velit esse cillum dolore eu fugiat nulla pariatur. Excepteur sint occaecat cupidatat non"
      />
    </div>
  </section>
</section>
`;
