// Jest Snapshot v1, https://goo.gl/fbAQLP

exports[`FormatAndRenderCtaButtons renders correctly 1`] = `
<section
  className="default-layout   mockconstructor
      "
  style={
    Object {
      "backgroundColor": undefined,
      "marginBottom": "",
    }
  }
>
  <section
    className="default-layout__grid 
          
        "
    style={
      Object {
        "backgroundColor": "",
        "marginBottom": "",
      }
    }
  >
    <div
      className="default-layout__children "
    >
      <div
        alignment="left"
        buttons={
          Array [
            Object {
              "text": "123",
              "url": "/",
            },
            Object {
              "text": "123",
              "url": "/",
            },
          ]
        }
        variant="dark"
      />
    </div>
  </section>
</section>
`;
