// Jest Snapshot v1, https://goo.gl/fbAQLP

exports[`FormatAndRenderBlockListItems renders correctly 1`] = `null`;
