// Jest Snapshot v1, https://goo.gl/fbAQLP

exports[`FormatAndRenderInPageJumpNav renders correctly 1`] = `<div />`;
